// Jest Snapshot v1, https://goo.gl/fbAQLP

exports[`sync operations Input files Merges fragments and operations across files 1`] = `
Array [
  Object {
    "alias": "5f0da489cf508a7c65ff5fa144e50545",
    "body": "fragment Frag1 on Query {
  moreStuff
}

query GetStuff {
  ...Frag1
}
",
    "name": "GetStuff",
  },
  Object {
    "alias": "c944b08d15eb94cf93dd124b7d664b62",
    "body": "fragment Frag1 on Query {
  moreStuff
}

fragment Frag2 on Query {
  ...Frag3
}

fragment Frag3 on Query {
  evenMoreStuff
}

query GetStuff2 {
  stuff
  ...Frag1
  ...Frag2
}
",
    "name": "GetStuff2",
  },
  Object {
    "alias": "fc215a466a3ea309fe493e8f7cb206f2",
    "body": "fragment Frag2 on Query {
  ...Frag3
}

fragment Frag3 on Query {
  evenMoreStuff
}

fragment Frag4 on Query {
  evenMoreStuff {
    stuffInside
  }
}

query GetStuff3 {
  stuff {
    withStuffInside
  }
  ...Frag2
  ...Frag4
}
",
    "name": "GetStuff3",
  },
  Object {
    "alias": "919af8f80d8848a9b9b6176e457f8e45",
    "body": "query GetStuffIsolated {
  ...FragIsolated
  things {
    existHere
  }
}

fragment FragIsolated on Query {
  evenMoreStuff {
    stuffInside
  }
}
",
    "name": "GetStuffIsolated",
  },
  Object {
    "alias": "d5dfe825034aeda06e2639935d8b107d",
    "body": "query GetStuffIsolated2 {
  things {
    existHere
  }
}
",
    "name": "GetStuffIsolated2",
  },
]
`;

exports[`sync operations Input files Uses mode: file to process each file separately 1`] = `
Array [
  Object {
    "alias": "26c44bfe42872860da112b6177355bfa",
    "body": "fragment Frag1 on Query {
  moreStuff
}
",
    "name": null,
  },
  Object {
    "alias": "7de9e7bf1d6ea1f527de07a25983086c",
    "body": "fragment Frag2 on Query {
  ...Frag3
}
",
    "name": null,
  },
  Object {
    "alias": "8bc9b9922a7fbb66f4ac6c58d5d5c357",
    "body": "fragment Frag3 on Query {
  evenMoreStuff
}
",
    "name": null,
  },
  Object {
    "alias": "bfc521a5ade5ff6f17bdf9352c86c850",
    "body": "fragment Frag4 on Query {
  evenMoreStuff {
    stuffInside
  }
}
",
    "name": null,
  },
  Object {
    "alias": "0a6add7303775e2487f2c2235ecb1c80",
    "body": "query GetStuff {
  ...Frag1
}
",
    "name": "GetStuff",
  },
  Object {
    "alias": "2f26b770ded2a04279bc4bf824ca54ac",
    "body": "query GetStuff2 {
  stuff
  ...Frag1
  ...Frag2
}
",
    "name": "GetStuff2",
  },
  Object {
    "alias": "1b8da77aabef67ee54df7e5acfd75893",
    "body": "query GetStuff3 {
  stuff {
    withStuffInside
  }
  ...Frag2
  ...Frag4
}
",
    "name": "GetStuff3",
  },
  Object {
    "alias": "919af8f80d8848a9b9b6176e457f8e45",
    "body": "query GetStuffIsolated {
  ...FragIsolated
  things {
    existHere
  }
}

fragment FragIsolated on Query {
  evenMoreStuff {
    stuffInside
  }
}
",
    "name": "GetStuffIsolated",
  },
  Object {
    "alias": "d5dfe825034aeda06e2639935d8b107d",
    "body": "query GetStuffIsolated2 {
  things {
    existHere
  }
}
",
    "name": "GetStuffIsolated2",
  },
]
`;

exports[`sync operations Logging Can be quieted with quiet: true 1`] = `Array []`;

exports[`sync operations Logging Logs progress 1`] = `
Array [
  Array [
    "Syncing 5 operations to [1mbogus[0m...",
  ],
  Array [
    "Generating client module in [1msrc/OperationStoreClient.js[0m...",
  ],
  Array [
    "[32mâœ“ Done![0m",
  ],
]
`;

exports[`sync operations Printing the result prints failure 1`] = `
Array [
  Array [
    "Syncing 5 operations to [1mhttp://example.com/stored_operations/sync[0m...",
  ],
  Array [
    "  [2m0 added[0m",
  ],
  Array [
    "  [2m0 not modified[0m",
  ],
  Array [
    "  [31m1 failed[0m",
  ],
]
`;

exports[`sync operations Printing the result prints failure 2`] = `
Array [
  Array [
    "Sync failed, errors:",
  ],
  Array [
    "  GetStuff:",
  ],
  Array [
    "    [31mâœ˜[0m something",
  ],
]
`;

exports[`sync operations Printing the result prints success 1`] = `
Array [
  Array [
    "Syncing 5 operations to [1mhttp://example.com/stored_operations/sync[0m...",
  ],
]
`;

exports[`sync operations Printing the result prints success 2`] = `
Array [
  Array [
    "  [32m1 added[0m",
  ],
  Array [
    "  [0m2 not modified[0m",
  ],
  Array [
    "  [2m0 failed[0m",
  ],
  Array [
    "Generating client module in [1msrc/OperationStoreClient.js[0m...",
  ],
  Array [
    "[32mâœ“ Done![0m",
  ],
]
`;

exports[`sync operations Printing the result prints success 3`] = `Array []`;

exports[`sync operations Relay support Uses Relay output 1`] = `
Array [
  Object {
    "alias": "353e010cb78d082b29cb63ee7e9027b3",
    "body": "query AppFeedQuery {
  feed(type: NEW, limit: 5) {
    ...Feed
  }
}

fragment Feed on Entry {
  repository {
    owner {
      login
    }
    name
  }
  ...FeedEntry
}

fragment FeedEntry on Entry {
  repository {
    owner {
      login
    }
    name
    stargazers_count
  }
  postedBy {
    login
  }
}
",
    "name": "AppFeedQuery",
  },
]
`;

exports[`sync operations custom file processing options Adds .graphql to the glob if needed 1`] = `
Array [
  Object {
    "alias": "f7f65309043352183e905e1396e51078",
    "body": "query GetStuff {
  stuff
}
",
    "name": "GetStuff",
  },
]
`;

exports[`sync operations custom file processing options Adds .graphql to the glob if needed 2`] = `
Array [
  Object {
    "alias": "f7f65309043352183e905e1396e51078",
    "body": "query GetStuff {
  stuff
}
",
    "name": "GetStuff",
  },
]
`;

exports[`sync operations custom file processing options Uses a custom hash function if provided 1`] = `
Array [
  Object {
    "alias": "GETSTUFF",
    "body": "query GetStuff {
  stuff
}
",
    "name": "GetStuff",
  },
]
`;
